
> kidswear-store@1.0.0 build
> next build

   Γû▓ Next.js 16.0.10 (Turbopack)
   - Environments: .env.local

   Creating an optimized production build ...
 Γ£ô Compiled successfully in 4.5s
   Running TypeScript ...
node.exe : Failed to 
compile.
At C:\Program Files\n
odejs\npm.ps1:29 
char:3
+   & $NODE_EXE 
$NPM_CLI_JS $args
+   ~~~~~~~~~~~~~~~~~
~~~~~~~~~~~~
    + CategoryInfo   
           : NotSpe  
  cified: (Failed    
 to compile.:Stri    
ng) [], RemoteEx    
ception
    + FullyQualified 
   ErrorId : Native  
  CommandError
 

./lib/data/products.t
s:101:9
Type error: An 
object literal 
cannot have multiple 
properties with the 
same name.

[0m [90m  99 
|[39m         
inStock[33m:[39m [
36mtrue[39m[33m,[3
9m
 [90m 100 |[39m    
     
featured[33m:[39m 
[36mtrue[39m[33m,[
39m
[31m[1m>[22m[39m
[90m 101 |[39m      
   
featured[33m:[39m 
[36mtrue[39m[33m,[
39m
 [90m     |[39m    
     
[31m[1m^[22m[39m
 [90m 102 |[39m    
 }[33m,[39m
 [90m 103 |[39m 
][33m;[39m
 [90m 104 |[39m[0m
Next.js build worker 
exited with code: 1 
and signal: null
